09:19:42.957 [main] ERROR TestCases.TC001_AccountRegistrationTest.verify_account_registration(TC001_AccountRegistrationTest.java:47)oggger - Test Failed...
09:19:56.489 [main] INFO  TestCases.TC002_LoginTest.verify_login(TC002_LoginTest.java:13)oggger - **** Starting TC002_LoginTest****
09:20:01.901 [main] INFO  TestCases.TC002_LoginTest.verify_login(TC002_LoginTest.java:34)oggger - *** Finished TC002_LoginTest***
09:33:10.935 [main] INFO  TestCases.TC001_AccountRegistrationTest.verify_account_registration(TC001_AccountRegistrationTest.java:14)oggger - ****Starting T001_AccountRegistrationTest****
09:33:11.367 [main] INFO  TestCases.TC001_AccountRegistrationTest.verify_account_registration(TC001_AccountRegistrationTest.java:20)oggger - Clicked on My Account Link
09:33:13.629 [main] INFO  TestCases.TC001_AccountRegistrationTest.verify_account_registration(TC001_AccountRegistrationTest.java:24)oggger - Clicked On Registration Link
09:33:13.650 [main] INFO  TestCases.TC001_AccountRegistrationTest.verify_account_registration(TC001_AccountRegistrationTest.java:28)oggger - Providing customer Details...
09:33:19.349 [main] INFO  TestCases.TC001_AccountRegistrationTest.verify_account_registration(TC001_AccountRegistrationTest.java:41)oggger - Validating Expected Message...
09:33:19.560 [main] INFO  TestCases.TC001_AccountRegistrationTest.verify_account_registration(TC001_AccountRegistrationTest.java:58)oggger - **** Finished TC001_AccountRegistrationTest ****
09:33:29.196 [main] INFO  TestCases.TC002_LoginTest.verify_login(TC002_LoginTest.java:13)oggger - **** Starting TC002_LoginTest****
09:52:04.539 [main] INFO  TestCases.TC001_AccountRegistrationTest.verify_account_registration(TC001_AccountRegistrationTest.java:14)oggger - ****Starting T001_AccountRegistrationTest****
09:52:05.214 [main] INFO  TestCases.TC001_AccountRegistrationTest.verify_account_registration(TC001_AccountRegistrationTest.java:20)oggger - Clicked on My Account Link
09:52:07.393 [main] INFO  TestCases.TC001_AccountRegistrationTest.verify_account_registration(TC001_AccountRegistrationTest.java:24)oggger - Clicked On Registration Link
09:52:07.416 [main] INFO  TestCases.TC001_AccountRegistrationTest.verify_account_registration(TC001_AccountRegistrationTest.java:28)oggger - Providing customer Details...
09:52:13.063 [main] INFO  TestCases.TC001_AccountRegistrationTest.verify_account_registration(TC001_AccountRegistrationTest.java:41)oggger - Validating Expected Message...
09:52:13.236 [main] INFO  TestCases.TC001_AccountRegistrationTest.verify_account_registration(TC001_AccountRegistrationTest.java:58)oggger - **** Finished TC001_AccountRegistrationTest ****
09:52:23.282 [main] INFO  TestCases.TC002_LoginTest.verify_login(TC002_LoginTest.java:13)oggger - **** Starting TC002_LoginTest****
09:52:28.056 [main] INFO  TestCases.TC002_LoginTest.verify_login(TC002_LoginTest.java:34)oggger - *** Finished TC002_LoginTest***
09:54:29.000 [main] INFO  TestCases.TC001_AccountRegistrationTest.verify_account_registration(TC001_AccountRegistrationTest.java:14)oggger - ****Starting T001_AccountRegistrationTest****
09:54:29.401 [main] INFO  TestCases.TC001_AccountRegistrationTest.verify_account_registration(TC001_AccountRegistrationTest.java:20)oggger - Clicked on My Account Link
09:54:31.206 [main] INFO  TestCases.TC001_AccountRegistrationTest.verify_account_registration(TC001_AccountRegistrationTest.java:24)oggger - Clicked On Registration Link
09:54:31.213 [main] INFO  TestCases.TC001_AccountRegistrationTest.verify_account_registration(TC001_AccountRegistrationTest.java:28)oggger - Providing customer Details...
09:54:36.964 [main] INFO  TestCases.TC001_AccountRegistrationTest.verify_account_registration(TC001_AccountRegistrationTest.java:41)oggger - Validating Expected Message...
09:54:47.119 [main] ERROR TestCases.TC001_AccountRegistrationTest.verify_account_registration(TC001_AccountRegistrationTest.java:47)oggger - Test Failed...
09:54:58.078 [main] INFO  TestCases.TC002_LoginTest.verify_login(TC002_LoginTest.java:13)oggger - **** Starting TC002_LoginTest****
09:55:03.009 [main] INFO  TestCases.TC002_LoginTest.verify_login(TC002_LoginTest.java:34)oggger - *** Finished TC002_LoginTest***
09:57:36.254 [main] INFO  TestCases.TC001_AccountRegistrationTest.verify_account_registration(TC001_AccountRegistrationTest.java:14)oggger - ****Starting T001_AccountRegistrationTest****
09:57:36.790 [main] INFO  TestCases.TC001_AccountRegistrationTest.verify_account_registration(TC001_AccountRegistrationTest.java:20)oggger - Clicked on My Account Link
09:57:38.945 [main] INFO  TestCases.TC001_AccountRegistrationTest.verify_account_registration(TC001_AccountRegistrationTest.java:24)oggger - Clicked On Registration Link
09:57:38.971 [main] INFO  TestCases.TC001_AccountRegistrationTest.verify_account_registration(TC001_AccountRegistrationTest.java:28)oggger - Providing customer Details...
09:57:44.491 [main] INFO  TestCases.TC001_AccountRegistrationTest.verify_account_registration(TC001_AccountRegistrationTest.java:41)oggger - Validating Expected Message...
