09:57:54.713 [main] ERROR TestCases.TC001_AccountRegistrationTest.verify_account_registration(TC001_AccountRegistrationTest.java:47)oggger - Test Failed...
09:58:05.102 [main] INFO  TestCases.TC002_LoginTest.verify_login(TC002_LoginTest.java:13)oggger - **** Starting TC002_LoginTest****
09:58:09.938 [main] INFO  TestCases.TC002_LoginTest.verify_login(TC002_LoginTest.java:34)oggger - *** Finished TC002_LoginTest***
10:01:09.326 [main] INFO  TestCases.TC001_AccountRegistrationTest.verify_account_registration(TC001_AccountRegistrationTest.java:14)oggger - ****Starting T001_AccountRegistrationTest****
10:01:09.760 [main] INFO  TestCases.TC001_AccountRegistrationTest.verify_account_registration(TC001_AccountRegistrationTest.java:20)oggger - Clicked on My Account Link
10:01:11.699 [main] INFO  TestCases.TC001_AccountRegistrationTest.verify_account_registration(TC001_AccountRegistrationTest.java:24)oggger - Clicked On Registration Link
10:01:11.716 [main] INFO  TestCases.TC001_AccountRegistrationTest.verify_account_registration(TC001_AccountRegistrationTest.java:28)oggger - Providing customer Details...
10:01:17.383 [main] INFO  TestCases.TC001_AccountRegistrationTest.verify_account_registration(TC001_AccountRegistrationTest.java:41)oggger - Validating Expected Message...
10:01:27.530 [main] ERROR TestCases.TC001_AccountRegistrationTest.verify_account_registration(TC001_AccountRegistrationTest.java:47)oggger - Test Failed...
10:01:36.566 [main] INFO  TestCases.TC002_LoginTest.verify_login(TC002_LoginTest.java:13)oggger - **** Starting TC002_LoginTest****
10:01:41.224 [main] INFO  TestCases.TC002_LoginTest.verify_login(TC002_LoginTest.java:34)oggger - *** Finished TC002_LoginTest***
10:36:45.510 [main] INFO  TestCases.TC001_AccountRegistrationTest.verify_account_registration(TC001_AccountRegistrationTest.java:14)oggger - ****Starting T001_AccountRegistrationTest****
10:37:03.465 [main] INFO  TestCases.TC002_LoginTest.verify_login(TC002_LoginTest.java:13)oggger - **** Starting TC002_LoginTest****
10:38:17.812 [main] INFO  TestCases.TC001_AccountRegistrationTest.verify_account_registration(TC001_AccountRegistrationTest.java:14)oggger - ****Starting T001_AccountRegistrationTest****
10:38:18.577 [main] INFO  TestCases.TC001_AccountRegistrationTest.verify_account_registration(TC001_AccountRegistrationTest.java:20)oggger - Clicked on My Account Link
10:38:21.525 [main] INFO  TestCases.TC001_AccountRegistrationTest.verify_account_registration(TC001_AccountRegistrationTest.java:24)oggger - Clicked On Registration Link
10:38:21.550 [main] INFO  TestCases.TC001_AccountRegistrationTest.verify_account_registration(TC001_AccountRegistrationTest.java:28)oggger - Providing customer Details...
10:38:29.316 [main] INFO  TestCases.TC001_AccountRegistrationTest.verify_account_registration(TC001_AccountRegistrationTest.java:41)oggger - Validating Expected Message...
10:38:39.539 [main] ERROR TestCases.TC001_AccountRegistrationTest.verify_account_registration(TC001_AccountRegistrationTest.java:47)oggger - Test Failed...
10:38:53.462 [main] INFO  TestCases.TC002_LoginTest.verify_login(TC002_LoginTest.java:13)oggger - **** Starting TC002_LoginTest****
10:38:59.105 [main] INFO  TestCases.TC002_LoginTest.verify_login(TC002_LoginTest.java:35)oggger - *** Finished TC002_LoginTest***
16:47:22.892 [main] INFO  TestCases.TC001_AccountRegistrationTest.verify_account_registration(TC001_AccountRegistrationTest.java:14)oggger - ****Starting T001_AccountRegistrationTest****
16:47:23.498 [main] INFO  TestCases.TC001_AccountRegistrationTest.verify_account_registration(TC001_AccountRegistrationTest.java:20)oggger - Clicked on My Account Link
16:47:25.916 [main] INFO  TestCases.TC001_AccountRegistrationTest.verify_account_registration(TC001_AccountRegistrationTest.java:24)oggger - Clicked On Registration Link
16:47:25.940 [main] INFO  TestCases.TC001_AccountRegistrationTest.verify_account_registration(TC001_AccountRegistrationTest.java:28)oggger - Providing customer Details...
16:47:32.216 [main] INFO  TestCases.TC001_AccountRegistrationTest.verify_account_registration(TC001_AccountRegistrationTest.java:41)oggger - Validating Expected Message...
16:47:43.022 [main] ERROR TestCases.TC001_AccountRegistrationTest.verify_account_registration(TC001_AccountRegistrationTest.java:47)oggger - Test Failed...
16:47:53.994 [main] INFO  TestCases.TC002_LoginTest.verify_login(TC002_LoginTest.java:13)oggger - **** Starting TC002_LoginTest****
16:47:59.133 [main] INFO  TestCases.TC002_LoginTest.verify_login(TC002_LoginTest.java:35)oggger - *** Finished TC002_LoginTest***
